
[30m⛞[0m[30m⛞[0m[30m⛞[0m[30m⛞[0m[30m⛞[0m[30m⛞[0m[30m⛞[0m
[30m⛞[0m[30m⛞[0m[30m⛞[0m[30m⛞[0m[30m⛞[0m[30m⛞[0m[30m⛞[0m
[30m⛞[0m[30m⛞[0m[30m⛞[0m[30m⛞[0m[30m⛞[0m[30m⛞[0m[30m⛞[0m
[30m⛞[0m[30m⛞[0m[30m⛞[0m[30m⛞[0m[30m⛞[0m[30m⛞[0m[30m⛞[0m
[30m⛞[0m[30m⛞[0m[30m⛞[0m[30m⛞[0m[30m⛞[0m[30m⛞[0m[30m⛞[0m
[30m⛞[0m[30m⛞[0m[30m⛞[0m[30m⛞[0m[30m⛞[0m[30m⛞[0m[30m⛞[0m
[30m⛞[0m[30m⛞[0m[30m⛞[0m[30m⛞[0m[30m⛞[0m[30m⛞[0m[30m⛞[0m

1) Set Tile
2) Make Default Paddock
3) Count Zones
4) Set Tile Color
5) Grass Health
6) Time Step
0) Quit

Choice:> 
[30m♕[0m[30m♕[0m[30m⛞[0m[30m⛞[0m[30m⛞[0m[30m⛞[0m[30m♕[0m
[30m♕[0m[30m♕[0m[30m⛞[0m[30m♕[0m[30m♞[0m[30m⛞[0m[30m⛞[0m
[30m♕[0m[30m⛞[0m[30m⛆[0m[30m⛆[0m[30m⚶[0m[30m⚶[0m[30m⛞[0m
[30m⛆[0m[30m⛆[0m[30m⛞[0m[30m⛞[0m[30m⛆[0m[30m⛆[0m[30m⛆[0m
[30m⚶[0m[30m⛞[0m[30m♕[0m[30m⛞[0m[30m⛞[0m[30m⛞[0m[30m♕[0m
[30m♕[0m[30m⛞[0m[30m⛞[0m[30m⛞[0m[30m⛞[0m[30m⛞[0m[30m⚶[0m
[30m♕[0m[30m⛞[0m[30m⛞[0m[30m♕[0m[30m♞[0m[30m⛞[0m[30m♞[0m

1) Set Tile
2) Make Default Paddock
3) Count Zones
4) Set Tile Color
5) Grass Health
6) Time Step
0) Quit

Choice:> Input tile type 1) plants 2) horse 3) water 4) empty:> Input color 1) red 2) orange 3) blue 4) black:> 
[31m♕[0m[31m♕[0m[30m⛞[0m[30m⛞[0m[30m⛞[0m[30m⛞[0m[31m♕[0m
[31m♕[0m[31m♕[0m[30m⛞[0m[31m♕[0m[30m♞[0m[30m⛞[0m[30m⛞[0m
[31m♕[0m[30m⛞[0m[30m⛆[0m[30m⛆[0m[31m⚶[0m[31m⚶[0m[30m⛞[0m
[30m⛆[0m[30m⛆[0m[30m⛞[0m[30m⛞[0m[30m⛆[0m[30m⛆[0m[30m⛆[0m
[31m⚶[0m[30m⛞[0m[31m♕[0m[30m⛞[0m[30m⛞[0m[30m⛞[0m[31m♕[0m
[31m♕[0m[30m⛞[0m[30m⛞[0m[30m⛞[0m[30m⛞[0m[30m⛞[0m[31m⚶[0m
[31m♕[0m[30m⛞[0m[30m⛞[0m[31m♕[0m[30m♞[0m[30m⛞[0m[30m♞[0m

1) Set Tile
2) Make Default Paddock
3) Count Zones
4) Set Tile Color
5) Grass Health
6) Time Step
0) Quit

Choice:> Input tile type 1) grass 2) weed 3) horse 4) water 5) empty:> Input location (x y):> 
[30m♕[0m[31m♕[0m[30m⛞[0m[30m⛞[0m[30m⛞[0m[30m⛞[0m[31m♕[0m
[31m♕[0m[31m♕[0m[30m⛞[0m[31m♕[0m[30m♞[0m[30m⛞[0m[30m⛞[0m
[31m♕[0m[30m⛞[0m[30m⛆[0m[30m⛆[0m[31m⚶[0m[31m⚶[0m[30m⛞[0m
[30m⛆[0m[30m⛆[0m[30m⛞[0m[30m⛞[0m[30m⛆[0m[30m⛆[0m[30m⛆[0m
[31m⚶[0m[30m⛞[0m[31m♕[0m[30m⛞[0m[30m⛞[0m[30m⛞[0m[31m♕[0m
[31m♕[0m[30m⛞[0m[30m⛞[0m[30m⛞[0m[30m⛞[0m[30m⛞[0m[31m⚶[0m
[31m♕[0m[30m⛞[0m[30m⛞[0m[31m♕[0m[30m♞[0m[30m⛞[0m[30m♞[0m

1) Set Tile
2) Make Default Paddock
3) Count Zones
4) Set Tile Color
5) Grass Health
6) Time Step
0) Quit

Choice:> Input tile type 1) grass 2) weed 3) horse 4) water 5) empty:> Input location (x y):> 
[30m♕[0m[31m♕[0m[30m⛞[0m[30m⛞[0m[30m⛞[0m[30m⛞[0m[31m♕[0m
[31m♕[0m[30m⛆[0m[30m⛞[0m[31m♕[0m[30m♞[0m[30m⛞[0m[30m⛞[0m
[31m♕[0m[30m⛞[0m[30m⛆[0m[30m⛆[0m[31m⚶[0m[31m⚶[0m[30m⛞[0m
[30m⛆[0m[30m⛆[0m[30m⛞[0m[30m⛞[0m[30m⛆[0m[30m⛆[0m[30m⛆[0m
[31m⚶[0m[30m⛞[0m[31m♕[0m[30m⛞[0m[30m⛞[0m[30m⛞[0m[31m♕[0m
[31m♕[0m[30m⛞[0m[30m⛞[0m[30m⛞[0m[30m⛞[0m[30m⛞[0m[31m⚶[0m
[31m♕[0m[30m⛞[0m[30m⛞[0m[31m♕[0m[30m♞[0m[30m⛞[0m[30m♞[0m

1) Set Tile
2) Make Default Paddock
3) Count Zones
4) Set Tile Color
5) Grass Health
6) Time Step
0) Quit

Choice:> Input tile type 1) plants 2) horse 3) water 4) empty:> Input color 1) red 2) orange 3) blue 4) black:> 
[38;2;200;100;0m♕[0m[38;2;200;100;0m♕[0m[30m⛞[0m[30m⛞[0m[30m⛞[0m[30m⛞[0m[38;2;200;100;0m♕[0m
[38;2;200;100;0m♕[0m[30m⛆[0m[30m⛞[0m[38;2;200;100;0m♕[0m[30m♞[0m[30m⛞[0m[30m⛞[0m
[38;2;200;100;0m♕[0m[30m⛞[0m[30m⛆[0m[30m⛆[0m[38;2;200;100;0m⚶[0m[38;2;200;100;0m⚶[0m[30m⛞[0m
[30m⛆[0m[30m⛆[0m[30m⛞[0m[30m⛞[0m[30m⛆[0m[30m⛆[0m[30m⛆[0m
[38;2;200;100;0m⚶[0m[30m⛞[0m[38;2;200;100;0m♕[0m[30m⛞[0m[30m⛞[0m[30m⛞[0m[38;2;200;100;0m♕[0m
[38;2;200;100;0m♕[0m[30m⛞[0m[30m⛞[0m[30m⛞[0m[30m⛞[0m[30m⛞[0m[38;2;200;100;0m⚶[0m
[38;2;200;100;0m♕[0m[30m⛞[0m[30m⛞[0m[38;2;200;100;0m♕[0m[30m♞[0m[30m⛞[0m[30m♞[0m

1) Set Tile
2) Make Default Paddock
3) Count Zones
4) Set Tile Color
5) Grass Health
6) Time Step
0) Quit

Choice:> Input tile type 1) plants 2) horse 3) water 4) empty:> Input color 1) red 2) orange 3) blue 4) black:> 
[34m♕[0m[34m♕[0m[30m⛞[0m[30m⛞[0m[30m⛞[0m[30m⛞[0m[34m♕[0m
[34m♕[0m[30m⛆[0m[30m⛞[0m[34m♕[0m[30m♞[0m[30m⛞[0m[30m⛞[0m
[34m♕[0m[30m⛞[0m[30m⛆[0m[30m⛆[0m[34m⚶[0m[34m⚶[0m[30m⛞[0m
[30m⛆[0m[30m⛆[0m[30m⛞[0m[30m⛞[0m[30m⛆[0m[30m⛆[0m[30m⛆[0m
[34m⚶[0m[30m⛞[0m[34m♕[0m[30m⛞[0m[30m⛞[0m[30m⛞[0m[34m♕[0m
[34m♕[0m[30m⛞[0m[30m⛞[0m[30m⛞[0m[30m⛞[0m[30m⛞[0m[34m⚶[0m
[34m♕[0m[30m⛞[0m[30m⛞[0m[34m♕[0m[30m♞[0m[30m⛞[0m[30m♞[0m

1) Set Tile
2) Make Default Paddock
3) Count Zones
4) Set Tile Color
5) Grass Health
6) Time Step
0) Quit

Choice:> Input tile type 1) plants 2) horse 3) water 4) empty:> Input color 1) red 2) orange 3) blue 4) black:> 
[30m♕[0m[30m♕[0m[30m⛞[0m[30m⛞[0m[30m⛞[0m[30m⛞[0m[30m♕[0m
[30m♕[0m[30m⛆[0m[30m⛞[0m[30m♕[0m[30m♞[0m[30m⛞[0m[30m⛞[0m
[30m♕[0m[30m⛞[0m[30m⛆[0m[30m⛆[0m[30m⚶[0m[30m⚶[0m[30m⛞[0m
[30m⛆[0m[30m⛆[0m[30m⛞[0m[30m⛞[0m[30m⛆[0m[30m⛆[0m[30m⛆[0m
[30m⚶[0m[30m⛞[0m[30m♕[0m[30m⛞[0m[30m⛞[0m[30m⛞[0m[30m♕[0m
[30m♕[0m[30m⛞[0m[30m⛞[0m[30m⛞[0m[30m⛞[0m[30m⛞[0m[30m⚶[0m
[30m♕[0m[30m⛞[0m[30m⛞[0m[30m♕[0m[30m♞[0m[30m⛞[0m[30m♞[0m

1) Set Tile
2) Make Default Paddock
3) Count Zones
4) Set Tile Color
5) Grass Health
6) Time Step
0) Quit

Choice:> Input tile type 1) plants 2) horse 3) water 4) empty:> Input color 1) red 2) orange 3) blue 4) black:> 
[30m♕[0m[30m♕[0m[30m⛞[0m[30m⛞[0m[30m⛞[0m[30m⛞[0m[30m♕[0m
[30m♕[0m[30m⛆[0m[30m⛞[0m[30m♕[0m[31m♞[0m[30m⛞[0m[30m⛞[0m
[30m♕[0m[30m⛞[0m[30m⛆[0m[30m⛆[0m[30m⚶[0m[30m⚶[0m[30m⛞[0m
[30m⛆[0m[30m⛆[0m[30m⛞[0m[30m⛞[0m[30m⛆[0m[30m⛆[0m[30m⛆[0m
[30m⚶[0m[30m⛞[0m[30m♕[0m[30m⛞[0m[30m⛞[0m[30m⛞[0m[30m♕[0m
[30m♕[0m[30m⛞[0m[30m⛞[0m[30m⛞[0m[30m⛞[0m[30m⛞[0m[30m⚶[0m
[30m♕[0m[30m⛞[0m[30m⛞[0m[30m♕[0m[31m♞[0m[30m⛞[0m[31m♞[0m

1) Set Tile
2) Make Default Paddock
3) Count Zones
4) Set Tile Color
5) Grass Health
6) Time Step
0) Quit

Choice:> Input tile type 1) plants 2) horse 3) water 4) empty:> Input color 1) red 2) orange 3) blue 4) black:> 
[30m♕[0m[30m♕[0m[30m⛞[0m[30m⛞[0m[30m⛞[0m[30m⛞[0m[30m♕[0m
[30m♕[0m[30m⛆[0m[30m⛞[0m[30m♕[0m[38;2;200;100;0m♞[0m[30m⛞[0m[30m⛞[0m
[30m♕[0m[30m⛞[0m[30m⛆[0m[30m⛆[0m[30m⚶[0m[30m⚶[0m[30m⛞[0m
[30m⛆[0m[30m⛆[0m[30m⛞[0m[30m⛞[0m[30m⛆[0m[30m⛆[0m[30m⛆[0m
[30m⚶[0m[30m⛞[0m[30m♕[0m[30m⛞[0m[30m⛞[0m[30m⛞[0m[30m♕[0m
[30m♕[0m[30m⛞[0m[30m⛞[0m[30m⛞[0m[30m⛞[0m[30m⛞[0m[30m⚶[0m
[30m♕[0m[30m⛞[0m[30m⛞[0m[30m♕[0m[38;2;200;100;0m♞[0m[30m⛞[0m[38;2;200;100;0m♞[0m

1) Set Tile
2) Make Default Paddock
3) Count Zones
4) Set Tile Color
5) Grass Health
6) Time Step
0) Quit

Choice:> Input tile type 1) plants 2) horse 3) water 4) empty:> Input color 1) red 2) orange 3) blue 4) black:> 
[30m♕[0m[30m♕[0m[30m⛞[0m[30m⛞[0m[30m⛞[0m[30m⛞[0m[30m♕[0m
[30m♕[0m[30m⛆[0m[30m⛞[0m[30m♕[0m[34m♞[0m[30m⛞[0m[30m⛞[0m
[30m♕[0m[30m⛞[0m[30m⛆[0m[30m⛆[0m[30m⚶[0m[30m⚶[0m[30m⛞[0m
[30m⛆[0m[30m⛆[0m[30m⛞[0m[30m⛞[0m[30m⛆[0m[30m⛆[0m[30m⛆[0m
[30m⚶[0m[30m⛞[0m[30m♕[0m[30m⛞[0m[30m⛞[0m[30m⛞[0m[30m♕[0m
[30m♕[0m[30m⛞[0m[30m⛞[0m[30m⛞[0m[30m⛞[0m[30m⛞[0m[30m⚶[0m
[30m♕[0m[30m⛞[0m[30m⛞[0m[30m♕[0m[34m♞[0m[30m⛞[0m[34m♞[0m

1) Set Tile
2) Make Default Paddock
3) Count Zones
4) Set Tile Color
5) Grass Health
6) Time Step
0) Quit

Choice:> Input tile type 1) plants 2) horse 3) water 4) empty:> Input color 1) red 2) orange 3) blue 4) black:> 
[30m♕[0m[30m♕[0m[30m⛞[0m[30m⛞[0m[30m⛞[0m[30m⛞[0m[30m♕[0m
[30m♕[0m[30m⛆[0m[30m⛞[0m[30m♕[0m[30m♞[0m[30m⛞[0m[30m⛞[0m
[30m♕[0m[30m⛞[0m[30m⛆[0m[30m⛆[0m[30m⚶[0m[30m⚶[0m[30m⛞[0m
[30m⛆[0m[30m⛆[0m[30m⛞[0m[30m⛞[0m[30m⛆[0m[30m⛆[0m[30m⛆[0m
[30m⚶[0m[30m⛞[0m[30m♕[0m[30m⛞[0m[30m⛞[0m[30m⛞[0m[30m♕[0m
[30m♕[0m[30m⛞[0m[30m⛞[0m[30m⛞[0m[30m⛞[0m[30m⛞[0m[30m⚶[0m
[30m♕[0m[30m⛞[0m[30m⛞[0m[30m♕[0m[30m♞[0m[30m⛞[0m[30m♞[0m

1) Set Tile
2) Make Default Paddock
3) Count Zones
4) Set Tile Color
5) Grass Health
6) Time Step
0) Quit

Choice:> Input tile type 1) plants 2) horse 3) water 4) empty:> Input color 1) red 2) orange 3) blue 4) black:> 
[30m♕[0m[30m♕[0m[30m⛞[0m[30m⛞[0m[30m⛞[0m[30m⛞[0m[30m♕[0m
[30m♕[0m[31m⛆[0m[30m⛞[0m[30m♕[0m[30m♞[0m[30m⛞[0m[30m⛞[0m
[30m♕[0m[30m⛞[0m[31m⛆[0m[31m⛆[0m[30m⚶[0m[30m⚶[0m[30m⛞[0m
[31m⛆[0m[31m⛆[0m[30m⛞[0m[30m⛞[0m[31m⛆[0m[31m⛆[0m[31m⛆[0m
[30m⚶[0m[30m⛞[0m[30m♕[0m[30m⛞[0m[30m⛞[0m[30m⛞[0m[30m♕[0m
[30m♕[0m[30m⛞[0m[30m⛞[0m[30m⛞[0m[30m⛞[0m[30m⛞[0m[30m⚶[0m
[30m♕[0m[30m⛞[0m[30m⛞[0m[30m♕[0m[30m♞[0m[30m⛞[0m[30m♞[0m

1) Set Tile
2) Make Default Paddock
3) Count Zones
4) Set Tile Color
5) Grass Health
6) Time Step
0) Quit

Choice:> Input tile type 1) plants 2) horse 3) water 4) empty:> Input color 1) red 2) orange 3) blue 4) black:> 
[30m♕[0m[30m♕[0m[30m⛞[0m[30m⛞[0m[30m⛞[0m[30m⛞[0m[30m♕[0m
[30m♕[0m[38;2;200;100;0m⛆[0m[30m⛞[0m[30m♕[0m[30m♞[0m[30m⛞[0m[30m⛞[0m
[30m♕[0m[30m⛞[0m[38;2;200;100;0m⛆[0m[38;2;200;100;0m⛆[0m[30m⚶[0m[30m⚶[0m[30m⛞[0m
[38;2;200;100;0m⛆[0m[38;2;200;100;0m⛆[0m[30m⛞[0m[30m⛞[0m[38;2;200;100;0m⛆[0m[38;2;200;100;0m⛆[0m[38;2;200;100;0m⛆[0m
[30m⚶[0m[30m⛞[0m[30m♕[0m[30m⛞[0m[30m⛞[0m[30m⛞[0m[30m♕[0m
[30m♕[0m[30m⛞[0m[30m⛞[0m[30m⛞[0m[30m⛞[0m[30m⛞[0m[30m⚶[0m
[30m♕[0m[30m⛞[0m[30m⛞[0m[30m♕[0m[30m♞[0m[30m⛞[0m[30m♞[0m

1) Set Tile
2) Make Default Paddock
3) Count Zones
4) Set Tile Color
5) Grass Health
6) Time Step
0) Quit

Choice:> Input tile type 1) plants 2) horse 3) water 4) empty:> Input color 1) red 2) orange 3) blue 4) black:> 
[30m♕[0m[30m♕[0m[30m⛞[0m[30m⛞[0m[30m⛞[0m[30m⛞[0m[30m♕[0m
[30m♕[0m[34m⛆[0m[30m⛞[0m[30m♕[0m[30m♞[0m[30m⛞[0m[30m⛞[0m
[30m♕[0m[30m⛞[0m[34m⛆[0m[34m⛆[0m[30m⚶[0m[30m⚶[0m[30m⛞[0m
[34m⛆[0m[34m⛆[0m[30m⛞[0m[30m⛞[0m[34m⛆[0m[34m⛆[0m[34m⛆[0m
[30m⚶[0m[30m⛞[0m[30m♕[0m[30m⛞[0m[30m⛞[0m[30m⛞[0m[30m♕[0m
[30m♕[0m[30m⛞[0m[30m⛞[0m[30m⛞[0m[30m⛞[0m[30m⛞[0m[30m⚶[0m
[30m♕[0m[30m⛞[0m[30m⛞[0m[30m♕[0m[30m♞[0m[30m⛞[0m[30m♞[0m

1) Set Tile
2) Make Default Paddock
3) Count Zones
4) Set Tile Color
5) Grass Health
6) Time Step
0) Quit

Choice:> Input tile type 1) plants 2) horse 3) water 4) empty:> Input color 1) red 2) orange 3) blue 4) black:> 
[30m♕[0m[30m♕[0m[30m⛞[0m[30m⛞[0m[30m⛞[0m[30m⛞[0m[30m♕[0m
[30m♕[0m[30m⛆[0m[30m⛞[0m[30m♕[0m[30m♞[0m[30m⛞[0m[30m⛞[0m
[30m♕[0m[30m⛞[0m[30m⛆[0m[30m⛆[0m[30m⚶[0m[30m⚶[0m[30m⛞[0m
[30m⛆[0m[30m⛆[0m[30m⛞[0m[30m⛞[0m[30m⛆[0m[30m⛆[0m[30m⛆[0m
[30m⚶[0m[30m⛞[0m[30m♕[0m[30m⛞[0m[30m⛞[0m[30m⛞[0m[30m♕[0m
[30m♕[0m[30m⛞[0m[30m⛞[0m[30m⛞[0m[30m⛞[0m[30m⛞[0m[30m⚶[0m
[30m♕[0m[30m⛞[0m[30m⛞[0m[30m♕[0m[30m♞[0m[30m⛞[0m[30m♞[0m

1) Set Tile
2) Make Default Paddock
3) Count Zones
4) Set Tile Color
5) Grass Health
6) Time Step
0) Quit

Choice:> 