
[30m⛞[0m[30m⛞[0m[30m⛞[0m[30m⛞[0m[30m⛞[0m[30m⛞[0m[30m⛞[0m
[30m⛞[0m[30m⛞[0m[30m⛞[0m[30m⛞[0m[30m⛞[0m[30m⛞[0m[30m⛞[0m
[30m⛞[0m[30m⛞[0m[30m⛞[0m[30m⛞[0m[30m⛞[0m[30m⛞[0m[30m⛞[0m
[30m⛞[0m[30m⛞[0m[30m⛞[0m[30m⛞[0m[30m⛞[0m[30m⛞[0m[30m⛞[0m
[30m⛞[0m[30m⛞[0m[30m⛞[0m[30m⛞[0m[30m⛞[0m[30m⛞[0m[30m⛞[0m
[30m⛞[0m[30m⛞[0m[30m⛞[0m[30m⛞[0m[30m⛞[0m[30m⛞[0m[30m⛞[0m
[30m⛞[0m[30m⛞[0m[30m⛞[0m[30m⛞[0m[30m⛞[0m[30m⛞[0m[30m⛞[0m

1) Set Tile
2) Make Default Paddock
3) Count Zones
4) Set Tile Color
5) Grass Health
6) Time Step
0) Quit

Choice:> Grass: 0
Weeds: 0
Horses: 0
Water: 0
Empty: 49

[30m⛞[0m[30m⛞[0m[30m⛞[0m[30m⛞[0m[30m⛞[0m[30m⛞[0m[30m⛞[0m
[30m⛞[0m[30m⛞[0m[30m⛞[0m[30m⛞[0m[30m⛞[0m[30m⛞[0m[30m⛞[0m
[30m⛞[0m[30m⛞[0m[30m⛞[0m[30m⛞[0m[30m⛞[0m[30m⛞[0m[30m⛞[0m
[30m⛞[0m[30m⛞[0m[30m⛞[0m[30m⛞[0m[30m⛞[0m[30m⛞[0m[30m⛞[0m
[30m⛞[0m[30m⛞[0m[30m⛞[0m[30m⛞[0m[30m⛞[0m[30m⛞[0m[30m⛞[0m
[30m⛞[0m[30m⛞[0m[30m⛞[0m[30m⛞[0m[30m⛞[0m[30m⛞[0m[30m⛞[0m
[30m⛞[0m[30m⛞[0m[30m⛞[0m[30m⛞[0m[30m⛞[0m[30m⛞[0m[30m⛞[0m

1) Set Tile
2) Make Default Paddock
3) Count Zones
4) Set Tile Color
5) Grass Health
6) Time Step
0) Quit

Choice:> 
[30m♕[0m[30m♕[0m[30m⛞[0m[30m⛞[0m[30m⛞[0m[30m⛞[0m[30m♕[0m
[30m♕[0m[30m♕[0m[30m⛞[0m[30m♕[0m[30m♞[0m[30m⛞[0m[30m⛞[0m
[30m♕[0m[30m⛞[0m[30m⛆[0m[30m⛆[0m[30m⚶[0m[30m⚶[0m[30m⛞[0m
[30m⛆[0m[30m⛆[0m[30m⛞[0m[30m⛞[0m[30m⛆[0m[30m⛆[0m[30m⛆[0m
[30m⚶[0m[30m⛞[0m[30m♕[0m[30m⛞[0m[30m⛞[0m[30m⛞[0m[30m♕[0m
[30m♕[0m[30m⛞[0m[30m⛞[0m[30m⛞[0m[30m⛞[0m[30m⛞[0m[30m⚶[0m
[30m♕[0m[30m⛞[0m[30m⛞[0m[30m♕[0m[30m♞[0m[30m⛞[0m[30m♞[0m

1) Set Tile
2) Make Default Paddock
3) Count Zones
4) Set Tile Color
5) Grass Health
6) Time Step
0) Quit

Choice:> Grass: 12
Weeds: 4
Horses: 3
Water: 7
Empty: 23

[30m♕[0m[30m♕[0m[30m⛞[0m[30m⛞[0m[30m⛞[0m[30m⛞[0m[30m♕[0m
[30m♕[0m[30m♕[0m[30m⛞[0m[30m♕[0m[30m♞[0m[30m⛞[0m[30m⛞[0m
[30m♕[0m[30m⛞[0m[30m⛆[0m[30m⛆[0m[30m⚶[0m[30m⚶[0m[30m⛞[0m
[30m⛆[0m[30m⛆[0m[30m⛞[0m[30m⛞[0m[30m⛆[0m[30m⛆[0m[30m⛆[0m
[30m⚶[0m[30m⛞[0m[30m♕[0m[30m⛞[0m[30m⛞[0m[30m⛞[0m[30m♕[0m
[30m♕[0m[30m⛞[0m[30m⛞[0m[30m⛞[0m[30m⛞[0m[30m⛞[0m[30m⚶[0m
[30m♕[0m[30m⛞[0m[30m⛞[0m[30m♕[0m[30m♞[0m[30m⛞[0m[30m♞[0m

1) Set Tile
2) Make Default Paddock
3) Count Zones
4) Set Tile Color
5) Grass Health
6) Time Step
0) Quit

Choice:> Input tile type 1) grass 2) weed 3) horse 4) water 5) empty:> Input location (x y):> 
[30m♕[0m[30m♕[0m[30m⛞[0m[30m⛞[0m[30m⛞[0m[30m⛞[0m[30m♕[0m
[30m♕[0m[30m⚶[0m[30m⛞[0m[30m♕[0m[30m♞[0m[30m⛞[0m[30m⛞[0m
[30m♕[0m[30m⛞[0m[30m⛆[0m[30m⛆[0m[30m⚶[0m[30m⚶[0m[30m⛞[0m
[30m⛆[0m[30m⛆[0m[30m⛞[0m[30m⛞[0m[30m⛆[0m[30m⛆[0m[30m⛆[0m
[30m⚶[0m[30m⛞[0m[30m♕[0m[30m⛞[0m[30m⛞[0m[30m⛞[0m[30m♕[0m
[30m♕[0m[30m⛞[0m[30m⛞[0m[30m⛞[0m[30m⛞[0m[30m⛞[0m[30m⚶[0m
[30m♕[0m[30m⛞[0m[30m⛞[0m[30m♕[0m[30m♞[0m[30m⛞[0m[30m♞[0m

1) Set Tile
2) Make Default Paddock
3) Count Zones
4) Set Tile Color
5) Grass Health
6) Time Step
0) Quit

Choice:> Grass: 11
Weeds: 5
Horses: 3
Water: 7
Empty: 23

[30m♕[0m[30m♕[0m[30m⛞[0m[30m⛞[0m[30m⛞[0m[30m⛞[0m[30m♕[0m
[30m♕[0m[30m⚶[0m[30m⛞[0m[30m♕[0m[30m♞[0m[30m⛞[0m[30m⛞[0m
[30m♕[0m[30m⛞[0m[30m⛆[0m[30m⛆[0m[30m⚶[0m[30m⚶[0m[30m⛞[0m
[30m⛆[0m[30m⛆[0m[30m⛞[0m[30m⛞[0m[30m⛆[0m[30m⛆[0m[30m⛆[0m
[30m⚶[0m[30m⛞[0m[30m♕[0m[30m⛞[0m[30m⛞[0m[30m⛞[0m[30m♕[0m
[30m♕[0m[30m⛞[0m[30m⛞[0m[30m⛞[0m[30m⛞[0m[30m⛞[0m[30m⚶[0m
[30m♕[0m[30m⛞[0m[30m⛞[0m[30m♕[0m[30m♞[0m[30m⛞[0m[30m♞[0m

1) Set Tile
2) Make Default Paddock
3) Count Zones
4) Set Tile Color
5) Grass Health
6) Time Step
0) Quit

Choice:> Input tile type 1) grass 2) weed 3) horse 4) water 5) empty:> Input location (x y):> 
[30m⛆[0m[30m♕[0m[30m⛞[0m[30m⛞[0m[30m⛞[0m[30m⛞[0m[30m♕[0m
[30m♕[0m[30m⚶[0m[30m⛞[0m[30m♕[0m[30m♞[0m[30m⛞[0m[30m⛞[0m
[30m♕[0m[30m⛞[0m[30m⛆[0m[30m⛆[0m[30m⚶[0m[30m⚶[0m[30m⛞[0m
[30m⛆[0m[30m⛆[0m[30m⛞[0m[30m⛞[0m[30m⛆[0m[30m⛆[0m[30m⛆[0m
[30m⚶[0m[30m⛞[0m[30m♕[0m[30m⛞[0m[30m⛞[0m[30m⛞[0m[30m♕[0m
[30m♕[0m[30m⛞[0m[30m⛞[0m[30m⛞[0m[30m⛞[0m[30m⛞[0m[30m⚶[0m
[30m♕[0m[30m⛞[0m[30m⛞[0m[30m♕[0m[30m♞[0m[30m⛞[0m[30m♞[0m

1) Set Tile
2) Make Default Paddock
3) Count Zones
4) Set Tile Color
5) Grass Health
6) Time Step
0) Quit

Choice:> Input tile type 1) grass 2) weed 3) horse 4) water 5) empty:> Input location (x y):> 
[30m⛆[0m[30m♕[0m[30m⛞[0m[30m⛞[0m[30m⛞[0m[30m⛞[0m[30m♕[0m
[30m♕[0m[30m⚶[0m[30m⛞[0m[30m♕[0m[30m♞[0m[30m⛞[0m[30m⛞[0m
[30m♕[0m[30m⛞[0m[30m⚶[0m[30m⛆[0m[30m⚶[0m[30m⚶[0m[30m⛞[0m
[30m⛆[0m[30m⛆[0m[30m⛞[0m[30m⛞[0m[30m⛆[0m[30m⛆[0m[30m⛆[0m
[30m⚶[0m[30m⛞[0m[30m♕[0m[30m⛞[0m[30m⛞[0m[30m⛞[0m[30m♕[0m
[30m♕[0m[30m⛞[0m[30m⛞[0m[30m⛞[0m[30m⛞[0m[30m⛞[0m[30m⚶[0m
[30m♕[0m[30m⛞[0m[30m⛞[0m[30m♕[0m[30m♞[0m[30m⛞[0m[30m♞[0m

1) Set Tile
2) Make Default Paddock
3) Count Zones
4) Set Tile Color
5) Grass Health
6) Time Step
0) Quit

Choice:> Input tile type 1) grass 2) weed 3) horse 4) water 5) empty:> Input location (x y):> 
[30m⛆[0m[30m♕[0m[30m⛞[0m[30m⛞[0m[30m⛞[0m[30m⛞[0m[30m♕[0m
[30m⚶[0m[30m⚶[0m[30m⛞[0m[30m♕[0m[30m♞[0m[30m⛞[0m[30m⛞[0m
[30m♕[0m[30m⛞[0m[30m⚶[0m[30m⛆[0m[30m⚶[0m[30m⚶[0m[30m⛞[0m
[30m⛆[0m[30m⛆[0m[30m⛞[0m[30m⛞[0m[30m⛆[0m[30m⛆[0m[30m⛆[0m
[30m⚶[0m[30m⛞[0m[30m♕[0m[30m⛞[0m[30m⛞[0m[30m⛞[0m[30m♕[0m
[30m♕[0m[30m⛞[0m[30m⛞[0m[30m⛞[0m[30m⛞[0m[30m⛞[0m[30m⚶[0m
[30m♕[0m[30m⛞[0m[30m⛞[0m[30m♕[0m[30m♞[0m[30m⛞[0m[30m♞[0m

1) Set Tile
2) Make Default Paddock
3) Count Zones
4) Set Tile Color
5) Grass Health
6) Time Step
0) Quit

Choice:> Input tile type 1) grass 2) weed 3) horse 4) water 5) empty:> Input location (x y):> 
[30m⛆[0m[30m⚶[0m[30m⛞[0m[30m⛞[0m[30m⛞[0m[30m⛞[0m[30m♕[0m
[30m⚶[0m[30m⚶[0m[30m⛞[0m[30m♕[0m[30m♞[0m[30m⛞[0m[30m⛞[0m
[30m♕[0m[30m⛞[0m[30m⚶[0m[30m⛆[0m[30m⚶[0m[30m⚶[0m[30m⛞[0m
[30m⛆[0m[30m⛆[0m[30m⛞[0m[30m⛞[0m[30m⛆[0m[30m⛆[0m[30m⛆[0m
[30m⚶[0m[30m⛞[0m[30m♕[0m[30m⛞[0m[30m⛞[0m[30m⛞[0m[30m♕[0m
[30m♕[0m[30m⛞[0m[30m⛞[0m[30m⛞[0m[30m⛞[0m[30m⛞[0m[30m⚶[0m
[30m♕[0m[30m⛞[0m[30m⛞[0m[30m♕[0m[30m♞[0m[30m⛞[0m[30m♞[0m

1) Set Tile
2) Make Default Paddock
3) Count Zones
4) Set Tile Color
5) Grass Health
6) Time Step
0) Quit

Choice:> Input tile type 1) grass 2) weed 3) horse 4) water 5) empty:> Input location (x y):> 
[30m⛆[0m[30m⚶[0m[30m⛞[0m[30m⛞[0m[30m⛞[0m[30m⛞[0m[30m♕[0m
[30m⚶[0m[30m⚶[0m[30m⛞[0m[30m♕[0m[30m⚶[0m[30m⛞[0m[30m⛞[0m
[30m♕[0m[30m⛞[0m[30m⚶[0m[30m⛆[0m[30m⚶[0m[30m⚶[0m[30m⛞[0m
[30m⛆[0m[30m⛆[0m[30m⛞[0m[30m⛞[0m[30m⛆[0m[30m⛆[0m[30m⛆[0m
[30m⚶[0m[30m⛞[0m[30m♕[0m[30m⛞[0m[30m⛞[0m[30m⛞[0m[30m♕[0m
[30m♕[0m[30m⛞[0m[30m⛞[0m[30m⛞[0m[30m⛞[0m[30m⛞[0m[30m⚶[0m
[30m♕[0m[30m⛞[0m[30m⛞[0m[30m♕[0m[30m♞[0m[30m⛞[0m[30m♞[0m

1) Set Tile
2) Make Default Paddock
3) Count Zones
4) Set Tile Color
5) Grass Health
6) Time Step
0) Quit

Choice:> Grass: 8
Weeds: 9
Horses: 2
Water: 7
Empty: 23

[30m⛆[0m[30m⚶[0m[30m⛞[0m[30m⛞[0m[30m⛞[0m[30m⛞[0m[30m♕[0m
[30m⚶[0m[30m⚶[0m[30m⛞[0m[30m♕[0m[30m⚶[0m[30m⛞[0m[30m⛞[0m
[30m♕[0m[30m⛞[0m[30m⚶[0m[30m⛆[0m[30m⚶[0m[30m⚶[0m[30m⛞[0m
[30m⛆[0m[30m⛆[0m[30m⛞[0m[30m⛞[0m[30m⛆[0m[30m⛆[0m[30m⛆[0m
[30m⚶[0m[30m⛞[0m[30m♕[0m[30m⛞[0m[30m⛞[0m[30m⛞[0m[30m♕[0m
[30m♕[0m[30m⛞[0m[30m⛞[0m[30m⛞[0m[30m⛞[0m[30m⛞[0m[30m⚶[0m
[30m♕[0m[30m⛞[0m[30m⛞[0m[30m♕[0m[30m♞[0m[30m⛞[0m[30m♞[0m

1) Set Tile
2) Make Default Paddock
3) Count Zones
4) Set Tile Color
5) Grass Health
6) Time Step
0) Quit

Choice:> 