
[30m⛞[0m[30m⛞[0m[30m⛞[0m[30m⛞[0m[30m⛞[0m[30m⛞[0m[30m⛞[0m
[30m⛞[0m[30m⛞[0m[30m⛞[0m[30m⛞[0m[30m⛞[0m[30m⛞[0m[30m⛞[0m
[30m⛞[0m[30m⛞[0m[30m⛞[0m[30m⛞[0m[30m⛞[0m[30m⛞[0m[30m⛞[0m
[30m⛞[0m[30m⛞[0m[30m⛞[0m[30m⛞[0m[30m⛞[0m[30m⛞[0m[30m⛞[0m
[30m⛞[0m[30m⛞[0m[30m⛞[0m[30m⛞[0m[30m⛞[0m[30m⛞[0m[30m⛞[0m
[30m⛞[0m[30m⛞[0m[30m⛞[0m[30m⛞[0m[30m⛞[0m[30m⛞[0m[30m⛞[0m
[30m⛞[0m[30m⛞[0m[30m⛞[0m[30m⛞[0m[30m⛞[0m[30m⛞[0m[30m⛞[0m

1) Set Tile
2) Make Default Paddock
3) Count Zones
4) Set Tile Color
5) Grass Health
6) Time Step
0) Quit

Choice:> Index is out of specified range

[30m⛞[0m[30m⛞[0m[30m⛞[0m[30m⛞[0m[30m⛞[0m[30m⛞[0m[30m⛞[0m
[30m⛞[0m[30m⛞[0m[30m⛞[0m[30m⛞[0m[30m⛞[0m[30m⛞[0m[30m⛞[0m
[30m⛞[0m[30m⛞[0m[30m⛞[0m[30m⛞[0m[30m⛞[0m[30m⛞[0m[30m⛞[0m
[30m⛞[0m[30m⛞[0m[30m⛞[0m[30m⛞[0m[30m⛞[0m[30m⛞[0m[30m⛞[0m
[30m⛞[0m[30m⛞[0m[30m⛞[0m[30m⛞[0m[30m⛞[0m[30m⛞[0m[30m⛞[0m
[30m⛞[0m[30m⛞[0m[30m⛞[0m[30m⛞[0m[30m⛞[0m[30m⛞[0m[30m⛞[0m
[30m⛞[0m[30m⛞[0m[30m⛞[0m[30m⛞[0m[30m⛞[0m[30m⛞[0m[30m⛞[0m

1) Set Tile
2) Make Default Paddock
3) Count Zones
4) Set Tile Color
5) Grass Health
6) Time Step
0) Quit

Choice:> Index is out of specified range

[30m⛞[0m[30m⛞[0m[30m⛞[0m[30m⛞[0m[30m⛞[0m[30m⛞[0m[30m⛞[0m
[30m⛞[0m[30m⛞[0m[30m⛞[0m[30m⛞[0m[30m⛞[0m[30m⛞[0m[30m⛞[0m
[30m⛞[0m[30m⛞[0m[30m⛞[0m[30m⛞[0m[30m⛞[0m[30m⛞[0m[30m⛞[0m
[30m⛞[0m[30m⛞[0m[30m⛞[0m[30m⛞[0m[30m⛞[0m[30m⛞[0m[30m⛞[0m
[30m⛞[0m[30m⛞[0m[30m⛞[0m[30m⛞[0m[30m⛞[0m[30m⛞[0m[30m⛞[0m
[30m⛞[0m[30m⛞[0m[30m⛞[0m[30m⛞[0m[30m⛞[0m[30m⛞[0m[30m⛞[0m
[30m⛞[0m[30m⛞[0m[30m⛞[0m[30m⛞[0m[30m⛞[0m[30m⛞[0m[30m⛞[0m

1) Set Tile
2) Make Default Paddock
3) Count Zones
4) Set Tile Color
5) Grass Health
6) Time Step
0) Quit

Choice:> Please input an integer

[30m⛞[0m[30m⛞[0m[30m⛞[0m[30m⛞[0m[30m⛞[0m[30m⛞[0m[30m⛞[0m
[30m⛞[0m[30m⛞[0m[30m⛞[0m[30m⛞[0m[30m⛞[0m[30m⛞[0m[30m⛞[0m
[30m⛞[0m[30m⛞[0m[30m⛞[0m[30m⛞[0m[30m⛞[0m[30m⛞[0m[30m⛞[0m
[30m⛞[0m[30m⛞[0m[30m⛞[0m[30m⛞[0m[30m⛞[0m[30m⛞[0m[30m⛞[0m
[30m⛞[0m[30m⛞[0m[30m⛞[0m[30m⛞[0m[30m⛞[0m[30m⛞[0m[30m⛞[0m
[30m⛞[0m[30m⛞[0m[30m⛞[0m[30m⛞[0m[30m⛞[0m[30m⛞[0m[30m⛞[0m
[30m⛞[0m[30m⛞[0m[30m⛞[0m[30m⛞[0m[30m⛞[0m[30m⛞[0m[30m⛞[0m

1) Set Tile
2) Make Default Paddock
3) Count Zones
4) Set Tile Color
5) Grass Health
6) Time Step
0) Quit

Choice:> Please input an integer

[30m⛞[0m[30m⛞[0m[30m⛞[0m[30m⛞[0m[30m⛞[0m[30m⛞[0m[30m⛞[0m
[30m⛞[0m[30m⛞[0m[30m⛞[0m[30m⛞[0m[30m⛞[0m[30m⛞[0m[30m⛞[0m
[30m⛞[0m[30m⛞[0m[30m⛞[0m[30m⛞[0m[30m⛞[0m[30m⛞[0m[30m⛞[0m
[30m⛞[0m[30m⛞[0m[30m⛞[0m[30m⛞[0m[30m⛞[0m[30m⛞[0m[30m⛞[0m
[30m⛞[0m[30m⛞[0m[30m⛞[0m[30m⛞[0m[30m⛞[0m[30m⛞[0m[30m⛞[0m
[30m⛞[0m[30m⛞[0m[30m⛞[0m[30m⛞[0m[30m⛞[0m[30m⛞[0m[30m⛞[0m
[30m⛞[0m[30m⛞[0m[30m⛞[0m[30m⛞[0m[30m⛞[0m[30m⛞[0m[30m⛞[0m

1) Set Tile
2) Make Default Paddock
3) Count Zones
4) Set Tile Color
5) Grass Health
6) Time Step
0) Quit

Choice:> Input tile type 1) grass 2) weed 3) horse 4) water 5) empty:> Index is out of specified range

[30m⛞[0m[30m⛞[0m[30m⛞[0m[30m⛞[0m[30m⛞[0m[30m⛞[0m[30m⛞[0m
[30m⛞[0m[30m⛞[0m[30m⛞[0m[30m⛞[0m[30m⛞[0m[30m⛞[0m[30m⛞[0m
[30m⛞[0m[30m⛞[0m[30m⛞[0m[30m⛞[0m[30m⛞[0m[30m⛞[0m[30m⛞[0m
[30m⛞[0m[30m⛞[0m[30m⛞[0m[30m⛞[0m[30m⛞[0m[30m⛞[0m[30m⛞[0m
[30m⛞[0m[30m⛞[0m[30m⛞[0m[30m⛞[0m[30m⛞[0m[30m⛞[0m[30m⛞[0m
[30m⛞[0m[30m⛞[0m[30m⛞[0m[30m⛞[0m[30m⛞[0m[30m⛞[0m[30m⛞[0m
[30m⛞[0m[30m⛞[0m[30m⛞[0m[30m⛞[0m[30m⛞[0m[30m⛞[0m[30m⛞[0m

1) Set Tile
2) Make Default Paddock
3) Count Zones
4) Set Tile Color
5) Grass Health
6) Time Step
0) Quit

Choice:> Input tile type 1) grass 2) weed 3) horse 4) water 5) empty:> Index is out of specified range

[30m⛞[0m[30m⛞[0m[30m⛞[0m[30m⛞[0m[30m⛞[0m[30m⛞[0m[30m⛞[0m
[30m⛞[0m[30m⛞[0m[30m⛞[0m[30m⛞[0m[30m⛞[0m[30m⛞[0m[30m⛞[0m
[30m⛞[0m[30m⛞[0m[30m⛞[0m[30m⛞[0m[30m⛞[0m[30m⛞[0m[30m⛞[0m
[30m⛞[0m[30m⛞[0m[30m⛞[0m[30m⛞[0m[30m⛞[0m[30m⛞[0m[30m⛞[0m
[30m⛞[0m[30m⛞[0m[30m⛞[0m[30m⛞[0m[30m⛞[0m[30m⛞[0m[30m⛞[0m
[30m⛞[0m[30m⛞[0m[30m⛞[0m[30m⛞[0m[30m⛞[0m[30m⛞[0m[30m⛞[0m
[30m⛞[0m[30m⛞[0m[30m⛞[0m[30m⛞[0m[30m⛞[0m[30m⛞[0m[30m⛞[0m

1) Set Tile
2) Make Default Paddock
3) Count Zones
4) Set Tile Color
5) Grass Health
6) Time Step
0) Quit

Choice:> Input tile type 1) grass 2) weed 3) horse 4) water 5) empty:> Please input an integer

[30m⛞[0m[30m⛞[0m[30m⛞[0m[30m⛞[0m[30m⛞[0m[30m⛞[0m[30m⛞[0m
[30m⛞[0m[30m⛞[0m[30m⛞[0m[30m⛞[0m[30m⛞[0m[30m⛞[0m[30m⛞[0m
[30m⛞[0m[30m⛞[0m[30m⛞[0m[30m⛞[0m[30m⛞[0m[30m⛞[0m[30m⛞[0m
[30m⛞[0m[30m⛞[0m[30m⛞[0m[30m⛞[0m[30m⛞[0m[30m⛞[0m[30m⛞[0m
[30m⛞[0m[30m⛞[0m[30m⛞[0m[30m⛞[0m[30m⛞[0m[30m⛞[0m[30m⛞[0m
[30m⛞[0m[30m⛞[0m[30m⛞[0m[30m⛞[0m[30m⛞[0m[30m⛞[0m[30m⛞[0m
[30m⛞[0m[30m⛞[0m[30m⛞[0m[30m⛞[0m[30m⛞[0m[30m⛞[0m[30m⛞[0m

1) Set Tile
2) Make Default Paddock
3) Count Zones
4) Set Tile Color
5) Grass Health
6) Time Step
0) Quit

Choice:> Input tile type 1) grass 2) weed 3) horse 4) water 5) empty:> Input location (x y):> Please input an integer

[30m⛞[0m[30m⛞[0m[30m⛞[0m[30m⛞[0m[30m⛞[0m[30m⛞[0m[30m⛞[0m
[30m⛞[0m[30m⛞[0m[30m⛞[0m[30m⛞[0m[30m⛞[0m[30m⛞[0m[30m⛞[0m
[30m⛞[0m[30m⛞[0m[30m⛞[0m[30m⛞[0m[30m⛞[0m[30m⛞[0m[30m⛞[0m
[30m⛞[0m[30m⛞[0m[30m⛞[0m[30m⛞[0m[30m⛞[0m[30m⛞[0m[30m⛞[0m
[30m⛞[0m[30m⛞[0m[30m⛞[0m[30m⛞[0m[30m⛞[0m[30m⛞[0m[30m⛞[0m
[30m⛞[0m[30m⛞[0m[30m⛞[0m[30m⛞[0m[30m⛞[0m[30m⛞[0m[30m⛞[0m
[30m⛞[0m[30m⛞[0m[30m⛞[0m[30m⛞[0m[30m⛞[0m[30m⛞[0m[30m⛞[0m

1) Set Tile
2) Make Default Paddock
3) Count Zones
4) Set Tile Color
5) Grass Health
6) Time Step
0) Quit

Choice:> Input tile type 1) grass 2) weed 3) horse 4) water 5) empty:> Input location (x y):> Please input an integer

[30m⛞[0m[30m⛞[0m[30m⛞[0m[30m⛞[0m[30m⛞[0m[30m⛞[0m[30m⛞[0m
[30m⛞[0m[30m⛞[0m[30m⛞[0m[30m⛞[0m[30m⛞[0m[30m⛞[0m[30m⛞[0m
[30m⛞[0m[30m⛞[0m[30m⛞[0m[30m⛞[0m[30m⛞[0m[30m⛞[0m[30m⛞[0m
[30m⛞[0m[30m⛞[0m[30m⛞[0m[30m⛞[0m[30m⛞[0m[30m⛞[0m[30m⛞[0m
[30m⛞[0m[30m⛞[0m[30m⛞[0m[30m⛞[0m[30m⛞[0m[30m⛞[0m[30m⛞[0m
[30m⛞[0m[30m⛞[0m[30m⛞[0m[30m⛞[0m[30m⛞[0m[30m⛞[0m[30m⛞[0m
[30m⛞[0m[30m⛞[0m[30m⛞[0m[30m⛞[0m[30m⛞[0m[30m⛞[0m[30m⛞[0m

1) Set Tile
2) Make Default Paddock
3) Count Zones
4) Set Tile Color
5) Grass Health
6) Time Step
0) Quit

Choice:> Input tile type 1) grass 2) weed 3) horse 4) water 5) empty:> Input location (x y):> Please input an integer

[30m⛞[0m[30m⛞[0m[30m⛞[0m[30m⛞[0m[30m⛞[0m[30m⛞[0m[30m⛞[0m
[30m⛞[0m[30m⛞[0m[30m⛞[0m[30m⛞[0m[30m⛞[0m[30m⛞[0m[30m⛞[0m
[30m⛞[0m[30m⛞[0m[30m⛞[0m[30m⛞[0m[30m⛞[0m[30m⛞[0m[30m⛞[0m
[30m⛞[0m[30m⛞[0m[30m⛞[0m[30m⛞[0m[30m⛞[0m[30m⛞[0m[30m⛞[0m
[30m⛞[0m[30m⛞[0m[30m⛞[0m[30m⛞[0m[30m⛞[0m[30m⛞[0m[30m⛞[0m
[30m⛞[0m[30m⛞[0m[30m⛞[0m[30m⛞[0m[30m⛞[0m[30m⛞[0m[30m⛞[0m
[30m⛞[0m[30m⛞[0m[30m⛞[0m[30m⛞[0m[30m⛞[0m[30m⛞[0m[30m⛞[0m

1) Set Tile
2) Make Default Paddock
3) Count Zones
4) Set Tile Color
5) Grass Health
6) Time Step
0) Quit

Choice:> Input tile type 1) grass 2) weed 3) horse 4) water 5) empty:> Input location (x y):> Index is out of specified range

[30m⛞[0m[30m⛞[0m[30m⛞[0m[30m⛞[0m[30m⛞[0m[30m⛞[0m[30m⛞[0m
[30m⛞[0m[30m⛞[0m[30m⛞[0m[30m⛞[0m[30m⛞[0m[30m⛞[0m[30m⛞[0m
[30m⛞[0m[30m⛞[0m[30m⛞[0m[30m⛞[0m[30m⛞[0m[30m⛞[0m[30m⛞[0m
[30m⛞[0m[30m⛞[0m[30m⛞[0m[30m⛞[0m[30m⛞[0m[30m⛞[0m[30m⛞[0m
[30m⛞[0m[30m⛞[0m[30m⛞[0m[30m⛞[0m[30m⛞[0m[30m⛞[0m[30m⛞[0m
[30m⛞[0m[30m⛞[0m[30m⛞[0m[30m⛞[0m[30m⛞[0m[30m⛞[0m[30m⛞[0m
[30m⛞[0m[30m⛞[0m[30m⛞[0m[30m⛞[0m[30m⛞[0m[30m⛞[0m[30m⛞[0m

1) Set Tile
2) Make Default Paddock
3) Count Zones
4) Set Tile Color
5) Grass Health
6) Time Step
0) Quit

Choice:> Input tile type 1) grass 2) weed 3) horse 4) water 5) empty:> Input location (x y):> Index is out of specified range

[30m⛞[0m[30m⛞[0m[30m⛞[0m[30m⛞[0m[30m⛞[0m[30m⛞[0m[30m⛞[0m
[30m⛞[0m[30m⛞[0m[30m⛞[0m[30m⛞[0m[30m⛞[0m[30m⛞[0m[30m⛞[0m
[30m⛞[0m[30m⛞[0m[30m⛞[0m[30m⛞[0m[30m⛞[0m[30m⛞[0m[30m⛞[0m
[30m⛞[0m[30m⛞[0m[30m⛞[0m[30m⛞[0m[30m⛞[0m[30m⛞[0m[30m⛞[0m
[30m⛞[0m[30m⛞[0m[30m⛞[0m[30m⛞[0m[30m⛞[0m[30m⛞[0m[30m⛞[0m
[30m⛞[0m[30m⛞[0m[30m⛞[0m[30m⛞[0m[30m⛞[0m[30m⛞[0m[30m⛞[0m
[30m⛞[0m[30m⛞[0m[30m⛞[0m[30m⛞[0m[30m⛞[0m[30m⛞[0m[30m⛞[0m

1) Set Tile
2) Make Default Paddock
3) Count Zones
4) Set Tile Color
5) Grass Health
6) Time Step
0) Quit

Choice:> 